[adventurega.me/bootstrap/index.html]
[backblue.gif]
[fade.gif]
[index.html]
[adventurega.me/bootstrap/css/bootstrap.min.css]
[adventurega.me/bootstrap/font-awesome/css/font-awesome.min.css]
[adventurega.me/bootstrap/css/animate.min.css]
[adventurega.me/bootstrap/css/creative.css]
[adventurega.me/bootstrap/img/portfolio/1.jpg]
[adventurega.me/bootstrap/img/portfolio/2.jpg]
[adventurega.me/bootstrap/img/portfolio/3.jpg]
[adventurega.me/bootstrap/img/portfolio/4.jpg]
[adventurega.me/bootstrap/js/jquery.easing.min.js]
[adventurega.me/bootstrap/js/jquery.fittext.js]
[adventurega.me/bootstrap/js/bootstrap.min.js]
[adventurega.me/bootstrap/js/wow.min.js]
[adventurega.me/bootstrap/index.html]
[adventurega.me/bootstrap/js/creative.js]
[adventurega.me/bootstrap/fonts/glyphicons-halflings-regular.woff2]
[adventurega.me/bootstrap/js/jquery.js]
[adventurega.me/bootstrap/fonts/glyphicons-halflings-regular.woff]
[adventurega.me/bootstrap/fonts/glyphicons-halflings-regular.eot]
[adventurega.me/bootstrap/fonts/glyphicons-halflings-regulard41d.eot]
[adventurega.me/bootstrap/fonts/glyphicons-halflings-regular.ttf]
[adventurega.me/bootstrap/css/bootstrap.min.css]
[adventurega.me/bootstrap/fonts/glyphicons-halflings-regular.svg]
[adventurega.me/bootstrap/font-awesome/fonts/fontawesome-webfonte0a5.woff2]
[adventurega.me/bootstrap/font-awesome/fonts/fontawesome-webfonte0a5.woff]
[adventurega.me/bootstrap/font-awesome/fonts/fontawesome-webfonte0a5.eot]
[adventurega.me/bootstrap/font-awesome/fonts/fontawesome-webfontd41d.eot]
[adventurega.me/bootstrap/font-awesome/fonts/fontawesome-webfonte0a5.ttf]
[adventurega.me/bootstrap/font-awesome/css/font-awesome.min.css]
[adventurega.me/bootstrap/css/animate.min.css]
[adventurega.me/bootstrap/img/header.jpg]
[adventurega.me/bootstrap/font-awesome/fonts/fontawesome-webfonte0a5.svg]
[adventurega.me/bootstrap/css/creative.css]
[adventurega.me/bootstrap/fonts/glyphicons-halflings-regular.svg]
[adventurega.me/bootstrap/font-awesome/fonts/fontawesome-webfonte0a5.svg]
